org\epst\models\palmares\PalmaresMetier.class
org\epst\models\document_scolaire\documents\DocumentMetier.class
org\epst\models\document_scolaire\identification\DemandeIdentificationMetier.class
org\epst\models\document_scolaire\transfere\Transfere.class
org\epst\beans\NoteTraitementBean.class
org\epst\chat\MessageDecoder.class
org\epst\controlleurs\ArchiveController.class
org\epst\models\magasin\Magasin.class
org\epst\models\ModelMessage.class
org\epst\chat\UserChat.class
org\epst\models\document_scolaire\DemandeTransfere.class
org\epst\models\mutuelle\Demande.class
org\epst\beans\FileUploadForm.class
org\epst\chat\Message.class
org\epst\models\document_scolaire\transfere\TransfereDao.class
org\epst\beans\Magasin.class
org\epst\models\document_scolaire\DemandeDiplome.class
org\epst\models\Cours\Cours.class
org\epst\controlleurs\MutuelleController.class
org\epst\models\autres\Autres.class
org\epst\beans\Utilisateur.class
org\epst\StartWebSocket.class
org\epst\models\ModelMagasin.class
org\epst\beans\Todo.class
org\epst\beans\MultipartService.class
org\epst\chat\MessageEncoder.class
org\epst\controlleurs\NoteControlleur.class
org\epst\models\document_scolaire\Palmares.class
org\epst\beans\MultipartBody.class
org\epst\models\magasin\MagasinMetier.class
org\epst\models\mutuelle\DemandeMetier.class
org\epst\models\document_scolaire\identification\DemandeIdentification.class
org\epst\chat\ChatEndpoint.class
org\epst\beans\MessageBeanRepository.class
org\epst\models\Cours\Video.class
org\epst\models\palmares\PalmaresDao.class
org\epst\controlleurs\AgentControlleur.class
org\epst\models\magasin\MagasinDao.class
org\epst\models\ModelUtilisateur.class
org\epst\models\SeConnecter.class
org\epst\models\ModelNoteTraitement.class
org\epst\controlleurs\PiecejointeControlleur$1.class
org\epst\controlleurs\CoursController.class
org\epst\controlleurs\PiecejointeControlleur.class
org\epst\models\Agent\AgentDao.class
org\epst\controlleurs\DocumentScolaireController.class
META-INF\panache-archive.marker
org\epst\controlleurs\MultipartClientResource.class
org\epst\models\document_scolaire\transfere\TransfereMetier.class
org\epst\models\ModelPlainte.class
org\epst\controlleurs\DemandeIdentificationController.class
org\epst\models\mutuelle\DemandeDao.class
org\epst\models\document_scolaire\identification\DemandeIdentificationDao.class
org\epst\controlleurs\PlainteControlleur.class
org\epst\controlleurs\TransfereController.class
org\epst\Principale.class
org\epst\beans\MessageBean.class
org\epst\controlleurs\MagasinControlleur.class
org\epst\models\Agent\Agent.class
org\epst\beans\Piecejointe.class
org\epst\models\palmares\Palmares.class
org\epst\controlleurs\PiecejointeControlleur$2.class
org\epst\models\PersistenceConfig.class
org\epst\beans\MessageBeanRepository$1.class
org\epst\beans\Plainte.class
org\epst\models\document_scolaire\documents\Document.class
org\epst\models\document_scolaire\documents\DocumentDao.class
org\epst\controlleurs\PalmaresController.class
org\epst\models\Agent\AgentMetier.class
