C:\Users\Pierre\Documents\QuarkusProjets\epst_serveur\src\main\java\org\epst\models\document_scolaire\documents\DocumentMetier.java
C:\Users\Pierre\Documents\QuarkusProjets\epst_serveur\src\main\java\org\epst\chat\Message.java
C:\Users\Pierre\Documents\QuarkusProjets\epst_serveur\src\main\java\org\epst\models\autres\Autres.java
C:\Users\Pierre\Documents\QuarkusProjets\epst_serveur\src\main\java\org\epst\models\mutuelle\DemandeDao.java
C:\Users\Pierre\Documents\QuarkusProjets\epst_serveur\src\main\java\org\epst\models\palmares\PalmaresDao.java
C:\Users\Pierre\Documents\QuarkusProjets\epst_serveur\src\main\java\org\epst\beans\MultipartBody.java
C:\Users\Pierre\Documents\QuarkusProjets\epst_serveur\src\main\java\org\epst\models\PersistenceConfig.java
C:\Users\Pierre\Documents\QuarkusProjets\epst_serveur\src\main\java\org\epst\controlleurs\MutuelleController.java
C:\Users\Pierre\Documents\QuarkusProjets\epst_serveur\src\main\java\org\epst\controlleurs\NoteControlleur.java
C:\Users\Pierre\Documents\QuarkusProjets\epst_serveur\src\main\java\org\epst\beans\MultipartService.java
C:\Users\Pierre\Documents\QuarkusProjets\epst_serveur\src\main\java\org\epst\models\Cours\Video.java
C:\Users\Pierre\Documents\QuarkusProjets\epst_serveur\src\main\java\org\epst\models\palmares\PalmaresMetier.java
C:\Users\Pierre\Documents\QuarkusProjets\epst_serveur\src\main\java\org\epst\Principale.java
C:\Users\Pierre\Documents\QuarkusProjets\epst_serveur\src\main\java\org\epst\models\document_scolaire\transfere\TransfereDao.java
C:\Users\Pierre\Documents\QuarkusProjets\epst_serveur\src\main\java\org\epst\models\magasin\MagasinDao.java
C:\Users\Pierre\Documents\QuarkusProjets\epst_serveur\src\main\java\org\epst\models\ModelNoteTraitement.java
C:\Users\Pierre\Documents\QuarkusProjets\epst_serveur\src\main\java\org\epst\models\document_scolaire\identification\DemandeIdentification.java
C:\Users\Pierre\Documents\QuarkusProjets\epst_serveur\src\main\java\org\epst\chat\ChatEndpoint.java
C:\Users\Pierre\Documents\QuarkusProjets\epst_serveur\src\main\java\org\epst\models\document_scolaire\transfere\Transfere.java
C:\Users\Pierre\Documents\QuarkusProjets\epst_serveur\src\main\java\org\epst\models\document_scolaire\Palmares.java
C:\Users\Pierre\Documents\QuarkusProjets\epst_serveur\src\main\java\org\epst\models\mutuelle\Demande.java
C:\Users\Pierre\Documents\QuarkusProjets\epst_serveur\src\main\java\org\epst\models\ModelMagasin.java
C:\Users\Pierre\Documents\QuarkusProjets\epst_serveur\src\main\java\org\epst\controlleurs\MagasinControlleur.java
C:\Users\Pierre\Documents\QuarkusProjets\epst_serveur\src\main\java\org\epst\models\SeConnecter.java
C:\Users\Pierre\Documents\QuarkusProjets\epst_serveur\src\main\java\org\epst\models\document_scolaire\DemandeTransfere.java
C:\Users\Pierre\Documents\QuarkusProjets\epst_serveur\src\main\java\org\epst\beans\MessageBean.java
C:\Users\Pierre\Documents\QuarkusProjets\epst_serveur\src\main\java\org\epst\models\mutuelle\DemandeMetier.java
C:\Users\Pierre\Documents\QuarkusProjets\epst_serveur\src\main\java\org\epst\models\document_scolaire\DemandeDiplome.java
C:\Users\Pierre\Documents\QuarkusProjets\epst_serveur\src\main\java\org\epst\models\document_scolaire\identification\DemandeIdentificationMetier.java
C:\Users\Pierre\Documents\QuarkusProjets\epst_serveur\src\main\java\org\epst\controlleurs\AgentControlleur.java
C:\Users\Pierre\Documents\QuarkusProjets\epst_serveur\src\main\java\org\epst\chat\MessageEncoder.java
C:\Users\Pierre\Documents\QuarkusProjets\epst_serveur\src\main\java\org\epst\models\Cours\Cours.java
C:\Users\Pierre\Documents\QuarkusProjets\epst_serveur\src\main\java\org\epst\models\palmares\Palmares.java
C:\Users\Pierre\Documents\QuarkusProjets\epst_serveur\src\main\java\org\epst\beans\FileUploadForm.java
C:\Users\Pierre\Documents\QuarkusProjets\epst_serveur\src\main\java\org\epst\models\document_scolaire\identification\DemandeIdentificationDao.java
C:\Users\Pierre\Documents\QuarkusProjets\epst_serveur\src\main\java\org\epst\controlleurs\DemandeIdentificationController.java
C:\Users\Pierre\Documents\QuarkusProjets\epst_serveur\src\main\java\org\epst\beans\NoteTraitementBean.java
C:\Users\Pierre\Documents\QuarkusProjets\epst_serveur\src\main\java\org\epst\controlleurs\MultipartClientResource.java
C:\Users\Pierre\Documents\QuarkusProjets\epst_serveur\src\main\java\org\epst\models\Agent\Agent.java
C:\Users\Pierre\Documents\QuarkusProjets\epst_serveur\src\main\java\org\epst\models\ModelPlainte.java
C:\Users\Pierre\Documents\QuarkusProjets\epst_serveur\src\main\java\org\epst\models\Agent\AgentDao.java
C:\Users\Pierre\Documents\QuarkusProjets\epst_serveur\src\main\java\org\epst\models\magasin\Magasin.java
C:\Users\Pierre\Documents\QuarkusProjets\epst_serveur\src\main\java\org\epst\controlleurs\PiecejointeControlleur.java
C:\Users\Pierre\Documents\QuarkusProjets\epst_serveur\src\main\java\org\epst\models\document_scolaire\documents\DocumentDao.java
C:\Users\Pierre\Documents\QuarkusProjets\epst_serveur\src\main\java\org\epst\models\document_scolaire\transfere\TransfereMetier.java
C:\Users\Pierre\Documents\QuarkusProjets\epst_serveur\src\main\java\org\epst\models\document_scolaire\documents\Document.java
C:\Users\Pierre\Documents\QuarkusProjets\epst_serveur\src\main\java\org\epst\controlleurs\PlainteControlleur.java
C:\Users\Pierre\Documents\QuarkusProjets\epst_serveur\src\main\java\org\epst\models\ModelMessage.java
C:\Users\Pierre\Documents\QuarkusProjets\epst_serveur\src\main\java\org\epst\chat\MessageDecoder.java
C:\Users\Pierre\Documents\QuarkusProjets\epst_serveur\src\main\java\org\epst\controlleurs\TransfereController.java
C:\Users\Pierre\Documents\QuarkusProjets\epst_serveur\src\main\java\org\epst\StartWebSocket.java
C:\Users\Pierre\Documents\QuarkusProjets\epst_serveur\src\main\java\org\epst\beans\MessageBeanRepository.java
C:\Users\Pierre\Documents\QuarkusProjets\epst_serveur\src\main\java\org\epst\models\Agent\AgentMetier.java
C:\Users\Pierre\Documents\QuarkusProjets\epst_serveur\src\main\java\org\epst\beans\Todo.java
C:\Users\Pierre\Documents\QuarkusProjets\epst_serveur\src\main\java\org\epst\controlleurs\CoursController.java
C:\Users\Pierre\Documents\QuarkusProjets\epst_serveur\src\main\java\org\epst\models\magasin\MagasinMetier.java
C:\Users\Pierre\Documents\QuarkusProjets\epst_serveur\src\main\java\org\epst\chat\UserChat.java
C:\Users\Pierre\Documents\QuarkusProjets\epst_serveur\src\main\java\org\epst\models\ModelUtilisateur.java
C:\Users\Pierre\Documents\QuarkusProjets\epst_serveur\src\main\java\org\epst\controlleurs\PalmaresController.java
C:\Users\Pierre\Documents\QuarkusProjets\epst_serveur\src\main\java\org\epst\beans\Magasin.java
C:\Users\Pierre\Documents\QuarkusProjets\epst_serveur\src\main\java\org\epst\controlleurs\ArchiveController.java
C:\Users\Pierre\Documents\QuarkusProjets\epst_serveur\src\main\java\org\epst\beans\Utilisateur.java
C:\Users\Pierre\Documents\QuarkusProjets\epst_serveur\src\main\java\org\epst\controlleurs\DocumentScolaireController.java
C:\Users\Pierre\Documents\QuarkusProjets\epst_serveur\src\main\java\org\epst\beans\Plainte.java
C:\Users\Pierre\Documents\QuarkusProjets\epst_serveur\src\main\java\org\epst\beans\Piecejointe.java
